2026-03-02 14:29:16 [error] : Error: ⨯ Unable to compile TypeScript:
src/service/superAdmin.service.ts(229,64): error TS2552: Cannot find name 'SubAdminCredential'. Did you mean 'SuperAdminCredential'?

    at Object.<anonymous> (/home/hritikbhadauria/scaffSnapp_microservices/services/superAdminServices/src/service/superAdmin.service.ts:1:7)
    at Module._compile (node:internal/modules/cjs/loader:1521:14)
    at Module._compile (/home/hritikbhadauria/scaffSnapp_microservices/services/superAdminServices/node_modules/source-map-support/source-map-support.js:521:25)
    at Module.m._compile (/tmp/ts-node-dev-hook-7550826470147265.js:69:33)
    at Module._extensions..js (node:internal/modules/cjs/loader:1623:10)
    at require.extensions..jsx.require.extensions..js (/tmp/ts-node-dev-hook-7550826470147265.js:114:20)
    at require.extensions.<computed> (/tmp/ts-node-dev-hook-7550826470147265.js:71:20)
    at Object.nodeDevHook [as .ts] (/home/hritikbhadauria/scaffSnapp_microservices/services/superAdminServices/node_modules/ts-node-dev/lib/hook.js:63:13)
    at Module.load (node:internal/modules/cjs/loader:1266:32)
    at Function.Module._load (node:internal/modules/cjs/loader:1091:12)
2026-03-02 15:35:55 [error] : Error: ⨯ Unable to compile TypeScript:
src/service/superAdmin.service.ts(429,25): error TS2554: Expected 2 arguments, but got 1.

    at Object.<anonymous> (/home/hritikbhadauria/scaffSnapp_microservices/services/superAdminServices/src/service/superAdmin.service.ts:1:7)
    at Module._compile (node:internal/modules/cjs/loader:1521:14)
    at Module._compile (/home/hritikbhadauria/scaffSnapp_microservices/services/superAdminServices/node_modules/source-map-support/source-map-support.js:521:25)
    at Module.m._compile (/tmp/ts-node-dev-hook-8367715602345922.js:69:33)
    at Module._extensions..js (node:internal/modules/cjs/loader:1623:10)
    at require.extensions..jsx.require.extensions..js (/tmp/ts-node-dev-hook-8367715602345922.js:114:20)
    at require.extensions.<computed> (/tmp/ts-node-dev-hook-8367715602345922.js:71:20)
    at Object.nodeDevHook [as .ts] (/home/hritikbhadauria/scaffSnapp_microservices/services/superAdminServices/node_modules/ts-node-dev/lib/hook.js:63:13)
    at Module.load (node:internal/modules/cjs/loader:1266:32)
    at Function.Module._load (node:internal/modules/cjs/loader:1091:12)
2026-03-02 15:40:44 [error] : Error: ⨯ Unable to compile TypeScript:
src/service/superAdmin.service.ts(429,25): error TS2554: Expected 2 arguments, but got 1.

    at Object.<anonymous> (/home/hritikbhadauria/scaffSnapp_microservices/services/superAdminServices/src/service/superAdmin.service.ts:1:7)
    at Module._compile (node:internal/modules/cjs/loader:1521:14)
    at Module._compile (/home/hritikbhadauria/scaffSnapp_microservices/services/superAdminServices/node_modules/source-map-support/source-map-support.js:521:25)
    at Module.m._compile (/tmp/ts-node-dev-hook-8367715602345922.js:69:33)
    at Module._extensions..js (node:internal/modules/cjs/loader:1623:10)
    at require.extensions..jsx.require.extensions..js (/tmp/ts-node-dev-hook-8367715602345922.js:114:20)
    at require.extensions.<computed> (/tmp/ts-node-dev-hook-8367715602345922.js:71:20)
    at Object.nodeDevHook [as .ts] (/home/hritikbhadauria/scaffSnapp_microservices/services/superAdminServices/node_modules/ts-node-dev/lib/hook.js:63:13)
    at Module.load (node:internal/modules/cjs/loader:1266:32)
    at Function.Module._load (node:internal/modules/cjs/loader:1091:12)
2026-03-02 15:40:58 [error] : Error: ⨯ Unable to compile TypeScript:
src/service/superAdmin.service.ts(429,47): error TS2304: Cannot find name 'userRole'.

    at Object.<anonymous> (/home/hritikbhadauria/scaffSnapp_microservices/services/superAdminServices/src/service/superAdmin.service.ts:1:7)
    at Module._compile (node:internal/modules/cjs/loader:1521:14)
    at Module._compile (/home/hritikbhadauria/scaffSnapp_microservices/services/superAdminServices/node_modules/source-map-support/source-map-support.js:521:25)
    at Module.m._compile (/tmp/ts-node-dev-hook-8367715602345922.js:69:33)
    at Module._extensions..js (node:internal/modules/cjs/loader:1623:10)
    at require.extensions..jsx.require.extensions..js (/tmp/ts-node-dev-hook-8367715602345922.js:114:20)
    at require.extensions.<computed> (/tmp/ts-node-dev-hook-8367715602345922.js:71:20)
    at Object.nodeDevHook [as .ts] (/home/hritikbhadauria/scaffSnapp_microservices/services/superAdminServices/node_modules/ts-node-dev/lib/hook.js:63:13)
    at Module.load (node:internal/modules/cjs/loader:1266:32)
    at Function.Module._load (node:internal/modules/cjs/loader:1091:12)
2026-03-02 15:41:56 [error] : Error: ⨯ Unable to compile TypeScript:
src/service/superAdmin.service.ts(429,25): error TS2554: Expected 2 arguments, but got 1.

    at Object.<anonymous> (/home/hritikbhadauria/scaffSnapp_microservices/services/superAdminServices/src/service/superAdmin.service.ts:1:7)
    at Module._compile (node:internal/modules/cjs/loader:1521:14)
    at Module._compile (/home/hritikbhadauria/scaffSnapp_microservices/services/superAdminServices/node_modules/source-map-support/source-map-support.js:521:25)
    at Module.m._compile (/tmp/ts-node-dev-hook-8367715602345922.js:69:33)
    at Module._extensions..js (node:internal/modules/cjs/loader:1623:10)
    at require.extensions..jsx.require.extensions..js (/tmp/ts-node-dev-hook-8367715602345922.js:114:20)
    at require.extensions.<computed> (/tmp/ts-node-dev-hook-8367715602345922.js:71:20)
    at Object.nodeDevHook [as .ts] (/home/hritikbhadauria/scaffSnapp_microservices/services/superAdminServices/node_modules/ts-node-dev/lib/hook.js:63:13)
    at Module.load (node:internal/modules/cjs/loader:1266:32)
    at Function.Module._load (node:internal/modules/cjs/loader:1091:12)
2026-03-02 15:42:29 [error] : Error: ⨯ Unable to compile TypeScript:
src/service/superAdmin.service.ts(429,25): error TS2554: Expected 2 arguments, but got 1.

    at Object.<anonymous> (/home/hritikbhadauria/scaffSnapp_microservices/services/superAdminServices/src/service/superAdmin.service.ts:1:7)
    at Module._compile (node:internal/modules/cjs/loader:1521:14)
    at Module._compile (/home/hritikbhadauria/scaffSnapp_microservices/services/superAdminServices/node_modules/source-map-support/source-map-support.js:521:25)
    at Module.m._compile (/tmp/ts-node-dev-hook-8367715602345922.js:69:33)
    at Module._extensions..js (node:internal/modules/cjs/loader:1623:10)
    at require.extensions..jsx.require.extensions..js (/tmp/ts-node-dev-hook-8367715602345922.js:114:20)
    at require.extensions.<computed> (/tmp/ts-node-dev-hook-8367715602345922.js:71:20)
    at Object.nodeDevHook [as .ts] (/home/hritikbhadauria/scaffSnapp_microservices/services/superAdminServices/node_modules/ts-node-dev/lib/hook.js:63:13)
    at Module.load (node:internal/modules/cjs/loader:1266:32)
    at Function.Module._load (node:internal/modules/cjs/loader:1091:12)
2026-03-02 15:43:11 [error] : Error: ⨯ Unable to compile TypeScript:
src/service/superAdmin.service.ts(124,27): error TS2339: Property 'accessToken' does not exist on type 'void'.
src/service/superAdmin.service.ts(125,28): error TS2339: Property 'refreshToken' does not exist on type 'void'.
src/service/superAdmin.service.ts(381,1): error TS1005: ',' expected.
src/service/superAdmin.service.ts(384,1): error TS1005: '}' expected.

    at Object.<anonymous> (/home/hritikbhadauria/scaffSnapp_microservices/services/superAdminServices/src/service/superAdmin.service.ts:1:7)
    at Module._compile (node:internal/modules/cjs/loader:1521:14)
    at Module._compile (/home/hritikbhadauria/scaffSnapp_microservices/services/superAdminServices/node_modules/source-map-support/source-map-support.js:521:25)
    at Module.m._compile (/tmp/ts-node-dev-hook-8367715602345922.js:69:33)
    at Module._extensions..js (node:internal/modules/cjs/loader:1623:10)
    at require.extensions..jsx.require.extensions..js (/tmp/ts-node-dev-hook-8367715602345922.js:114:20)
    at require.extensions.<computed> (/tmp/ts-node-dev-hook-8367715602345922.js:71:20)
    at Object.nodeDevHook [as .ts] (/home/hritikbhadauria/scaffSnapp_microservices/services/superAdminServices/node_modules/ts-node-dev/lib/hook.js:63:13)
    at Module.load (node:internal/modules/cjs/loader:1266:32)
    at Function.Module._load (node:internal/modules/cjs/loader:1091:12)
2026-03-02 15:43:30 [error] : Error: ⨯ Unable to compile TypeScript:
src/service/superAdmin.service.ts(124,27): error TS2339: Property 'accessToken' does not exist on type 'void'.
src/service/superAdmin.service.ts(125,28): error TS2339: Property 'refreshToken' does not exist on type 'void'.
src/service/superAdmin.service.ts(382,1): error TS1005: ',' expected.
src/service/superAdmin.service.ts(385,1): error TS1005: '}' expected.

    at Object.<anonymous> (/home/hritikbhadauria/scaffSnapp_microservices/services/superAdminServices/src/service/superAdmin.service.ts:1:7)
    at Module._compile (node:internal/modules/cjs/loader:1521:14)
    at Module._compile (/home/hritikbhadauria/scaffSnapp_microservices/services/superAdminServices/node_modules/source-map-support/source-map-support.js:521:25)
    at Module.m._compile (/tmp/ts-node-dev-hook-8367715602345922.js:69:33)
    at Module._extensions..js (node:internal/modules/cjs/loader:1623:10)
    at require.extensions..jsx.require.extensions..js (/tmp/ts-node-dev-hook-8367715602345922.js:114:20)
    at require.extensions.<computed> (/tmp/ts-node-dev-hook-8367715602345922.js:71:20)
    at Object.nodeDevHook [as .ts] (/home/hritikbhadauria/scaffSnapp_microservices/services/superAdminServices/node_modules/ts-node-dev/lib/hook.js:63:13)
    at Module.load (node:internal/modules/cjs/loader:1266:32)
    at Function.Module._load (node:internal/modules/cjs/loader:1091:12)
2026-03-02 15:44:00 [error] : Error: ⨯ Unable to compile TypeScript:
src/service/superAdmin.service.ts(429,25): error TS2554: Expected 2 arguments, but got 1.

    at Object.<anonymous> (/home/hritikbhadauria/scaffSnapp_microservices/services/superAdminServices/src/service/superAdmin.service.ts:1:7)
    at Module._compile (node:internal/modules/cjs/loader:1521:14)
    at Module._compile (/home/hritikbhadauria/scaffSnapp_microservices/services/superAdminServices/node_modules/source-map-support/source-map-support.js:521:25)
    at Module.m._compile (/tmp/ts-node-dev-hook-8367715602345922.js:69:33)
    at Module._extensions..js (node:internal/modules/cjs/loader:1623:10)
    at require.extensions..jsx.require.extensions..js (/tmp/ts-node-dev-hook-8367715602345922.js:114:20)
    at require.extensions.<computed> (/tmp/ts-node-dev-hook-8367715602345922.js:71:20)
    at Object.nodeDevHook [as .ts] (/home/hritikbhadauria/scaffSnapp_microservices/services/superAdminServices/node_modules/ts-node-dev/lib/hook.js:63:13)
    at Module.load (node:internal/modules/cjs/loader:1266:32)
    at Function.Module._load (node:internal/modules/cjs/loader:1091:12)
2026-03-02 15:46:39 [error] : Error: ⨯ Unable to compile TypeScript:
src/service/superAdmin.service.ts(429,25): error TS2554: Expected 2 arguments, but got 1.

    at Object.<anonymous> (/home/hritikbhadauria/scaffSnapp_microservices/services/superAdminServices/src/service/superAdmin.service.ts:1:7)
    at Module._compile (node:internal/modules/cjs/loader:1521:14)
    at Module._compile (/home/hritikbhadauria/scaffSnapp_microservices/services/superAdminServices/node_modules/source-map-support/source-map-support.js:521:25)
    at Module.m._compile (/tmp/ts-node-dev-hook-8367715602345922.js:69:33)
    at Module._extensions..js (node:internal/modules/cjs/loader:1623:10)
    at require.extensions..jsx.require.extensions..js (/tmp/ts-node-dev-hook-8367715602345922.js:114:20)
    at require.extensions.<computed> (/tmp/ts-node-dev-hook-8367715602345922.js:71:20)
    at Object.nodeDevHook [as .ts] (/home/hritikbhadauria/scaffSnapp_microservices/services/superAdminServices/node_modules/ts-node-dev/lib/hook.js:63:13)
    at Module.load (node:internal/modules/cjs/loader:1266:32)
    at Function.Module._load (node:internal/modules/cjs/loader:1091:12)
2026-03-02 15:47:04 [error] : Error: ⨯ Unable to compile TypeScript:
src/service/superAdmin.service.ts(429,25): error TS2554: Expected 2 arguments, but got 1.

    at Object.<anonymous> (/home/hritikbhadauria/scaffSnapp_microservices/services/superAdminServices/src/service/superAdmin.service.ts:1:7)
    at Module._compile (node:internal/modules/cjs/loader:1521:14)
    at Module._compile (/home/hritikbhadauria/scaffSnapp_microservices/services/superAdminServices/node_modules/source-map-support/source-map-support.js:521:25)
    at Module.m._compile (/tmp/ts-node-dev-hook-8367715602345922.js:69:33)
    at Module._extensions..js (node:internal/modules/cjs/loader:1623:10)
    at require.extensions..jsx.require.extensions..js (/tmp/ts-node-dev-hook-8367715602345922.js:114:20)
    at require.extensions.<computed> (/tmp/ts-node-dev-hook-8367715602345922.js:71:20)
    at Object.nodeDevHook [as .ts] (/home/hritikbhadauria/scaffSnapp_microservices/services/superAdminServices/node_modules/ts-node-dev/lib/hook.js:63:13)
    at Module.load (node:internal/modules/cjs/loader:1266:32)
    at Function.Module._load (node:internal/modules/cjs/loader:1091:12)
2026-03-02 15:47:14 [error] : Error: ⨯ Unable to compile TypeScript:
src/service/superAdmin.service.ts(429,25): error TS2554: Expected 2 arguments, but got 1.

    at Object.<anonymous> (/home/hritikbhadauria/scaffSnapp_microservices/services/superAdminServices/src/service/superAdmin.service.ts:1:7)
    at Module._compile (node:internal/modules/cjs/loader:1521:14)
    at Module._compile (/home/hritikbhadauria/scaffSnapp_microservices/services/superAdminServices/node_modules/source-map-support/source-map-support.js:521:25)
    at Module.m._compile (/tmp/ts-node-dev-hook-8367715602345922.js:69:33)
    at Module._extensions..js (node:internal/modules/cjs/loader:1623:10)
    at require.extensions..jsx.require.extensions..js (/tmp/ts-node-dev-hook-8367715602345922.js:114:20)
    at require.extensions.<computed> (/tmp/ts-node-dev-hook-8367715602345922.js:71:20)
    at Object.nodeDevHook [as .ts] (/home/hritikbhadauria/scaffSnapp_microservices/services/superAdminServices/node_modules/ts-node-dev/lib/hook.js:63:13)
    at Module.load (node:internal/modules/cjs/loader:1266:32)
    at Function.Module._load (node:internal/modules/cjs/loader:1091:12)
2026-03-02 15:47:42 [error] : Error: ⨯ Unable to compile TypeScript:
src/service/superAdmin.service.ts(429,25): error TS2554: Expected 2 arguments, but got 1.

    at Object.<anonymous> (/home/hritikbhadauria/scaffSnapp_microservices/services/superAdminServices/src/service/superAdmin.service.ts:1:7)
    at Module._compile (node:internal/modules/cjs/loader:1521:14)
    at Module._compile (/home/hritikbhadauria/scaffSnapp_microservices/services/superAdminServices/node_modules/source-map-support/source-map-support.js:521:25)
    at Module.m._compile (/tmp/ts-node-dev-hook-8367715602345922.js:69:33)
    at Module._extensions..js (node:internal/modules/cjs/loader:1623:10)
    at require.extensions..jsx.require.extensions..js (/tmp/ts-node-dev-hook-8367715602345922.js:114:20)
    at require.extensions.<computed> (/tmp/ts-node-dev-hook-8367715602345922.js:71:20)
    at Object.nodeDevHook [as .ts] (/home/hritikbhadauria/scaffSnapp_microservices/services/superAdminServices/node_modules/ts-node-dev/lib/hook.js:63:13)
    at Module.load (node:internal/modules/cjs/loader:1266:32)
    at Function.Module._load (node:internal/modules/cjs/loader:1091:12)
2026-03-05 11:44:50 [error] : Error: ⨯ Unable to compile TypeScript:
src/routes/superAdmin.routes.ts(3,10): error TS2395: Individual declarations in merged declaration 'verifyToken' must be all exported or all local.
src/routes/superAdmin.routes.ts(3,10): error TS2440: Import declaration conflicts with local declaration of 'verifyToken'.
src/routes/superAdmin.routes.ts(12,36): error TS2448: Block-scoped variable 'verifyToken' used before its declaration.
src/routes/superAdmin.routes.ts(12,36): error TS2454: Variable 'verifyToken' is used before being assigned.
src/routes/superAdmin.routes.ts(28,14): error TS2395: Individual declarations in merged declaration 'verifyToken' must be all exported or all local.
src/routes/superAdmin.routes.ts(12,49): error TS1135: Argument expression expected.
src/routes/superAdmin.routes.ts(76,65): error TS1005: ';' expected.

    at Object.<anonymous> (/home/hritikbhadauria/scaffSnapp_microservices/services/superAdminServices/src/routes/superAdmin.routes.ts:1:7)
    at Module._compile (node:internal/modules/cjs/loader:1521:14)
    at Module._compile (/home/hritikbhadauria/scaffSnapp_microservices/services/superAdminServices/node_modules/source-map-support/source-map-support.js:521:25)
    at Module.m._compile (/tmp/ts-node-dev-hook-47866036549003854.js:69:33)
    at Module._extensions..js (node:internal/modules/cjs/loader:1623:10)
    at require.extensions..jsx.require.extensions..js (/tmp/ts-node-dev-hook-47866036549003854.js:114:20)
    at require.extensions.<computed> (/tmp/ts-node-dev-hook-47866036549003854.js:71:20)
    at Object.nodeDevHook [as .ts] (/home/hritikbhadauria/scaffSnapp_microservices/services/superAdminServices/node_modules/ts-node-dev/lib/hook.js:63:13)
    at Module.load (node:internal/modules/cjs/loader:1266:32)
    at Function.Module._load (node:internal/modules/cjs/loader:1091:12)
2026-03-30 17:35:35 [[31merror[39m] : TSError: ⨯ Unable to compile TypeScript:
[96msrc/routes/superAdmin.routes.ts[0m:[93m4[0m:[93m10[0m - [91merror[0m[90m TS2724: [0m'"../middlewares/ip-lateLimmter"' has no exported member named 'ipRateLimiter'. Did you mean 'loginRateLimiter'?

[7m4[0m import { ipRateLimiter } from '../middlewares/ip-lateLimmter';
[7m [0m [91m         ~~~~~~~~~~~~~[0m

  [96msrc/middlewares/ip-lateLimmter.ts[0m:[93m10[0m:[93m14[0m
    [7m10[0m export const loginRateLimiter = async (
    [7m  [0m [96m             ~~~~~~~~~~~~~~~~[0m
    'loginRateLimiter' is declared here.

    at createTSError (/home/hritikbhadauria/scaffSnapp_microservices/services/superAdminServices/node_modules/ts-node/src/index.ts:859:12)
    at reportTSError (/home/hritikbhadauria/scaffSnapp_microservices/services/superAdminServices/node_modules/ts-node/src/index.ts:863:19)
    at getOutput (/home/hritikbhadauria/scaffSnapp_microservices/services/superAdminServices/node_modules/ts-node/src/index.ts:1077:36)
    at Object.compile (/home/hritikbhadauria/scaffSnapp_microservices/services/superAdminServices/node_modules/ts-node/src/index.ts:1433:41)
    at Module.m._compile (/home/hritikbhadauria/scaffSnapp_microservices/services/superAdminServices/node_modules/ts-node/src/index.ts:1617:30)
    at Module._extensions..js (node:internal/modules/cjs/loader:1623:10)
    at Object.require.extensions.<computed> [as .ts] (/home/hritikbhadauria/scaffSnapp_microservices/services/superAdminServices/node_modules/ts-node/src/index.ts:1621:12)
    at Module.load (node:internal/modules/cjs/loader:1266:32)
    at Function.Module._load (node:internal/modules/cjs/loader:1091:12)
    at Module.require (node:internal/modules/cjs/loader:1289:19)
