2026-03-24 15:43:28 [[31merror[39m] : Error: Unknown database 'SCAFFSNAPP_SUPERADMIN'
    at Packet.asError (/home/hritikbhadauria/scaffSnapp_microservices/services/superAdminServices/node_modules/mysql2/lib/packets/packet.js:739:17)
    at ClientHandshake.execute (/home/hritikbhadauria/scaffSnapp_microservices/services/superAdminServices/node_modules/mysql2/lib/commands/command.js:29:26)
    at PoolConnection.handlePacket (/home/hritikbhadauria/scaffSnapp_microservices/services/superAdminServices/node_modules/mysql2/lib/base/connection.js:508:34)
    at PacketParser.onPacket (/home/hritikbhadauria/scaffSnapp_microservices/services/superAdminServices/node_modules/mysql2/lib/base/connection.js:93:12)
    at PacketParser.executeStart (/home/hritikbhadauria/scaffSnapp_microservices/services/superAdminServices/node_modules/mysql2/lib/packet_parser.js:75:16)
    at Socket.<anonymous> (/home/hritikbhadauria/scaffSnapp_microservices/services/superAdminServices/node_modules/mysql2/lib/base/connection.js:100:25)
    at Socket.emit (node:events:524:28)
    at Socket.emit (node:domain:489:12)
    at addChunk (node:internal/streams/readable:561:12)
    at readableAddChunkPushByteMode (node:internal/streams/readable:512:3)
2026-03-24 15:45:37 [[31merror[39m] : Error: Unknown database 'SCAFFSNAPP_SUPERADMIN'
    at Packet.asError (/home/hritikbhadauria/scaffSnapp_microservices/services/superAdminServices/node_modules/mysql2/lib/packets/packet.js:739:17)
    at ClientHandshake.execute (/home/hritikbhadauria/scaffSnapp_microservices/services/superAdminServices/node_modules/mysql2/lib/commands/command.js:29:26)
    at PoolConnection.handlePacket (/home/hritikbhadauria/scaffSnapp_microservices/services/superAdminServices/node_modules/mysql2/lib/base/connection.js:508:34)
    at PacketParser.onPacket (/home/hritikbhadauria/scaffSnapp_microservices/services/superAdminServices/node_modules/mysql2/lib/base/connection.js:93:12)
    at PacketParser.executeStart (/home/hritikbhadauria/scaffSnapp_microservices/services/superAdminServices/node_modules/mysql2/lib/packet_parser.js:75:16)
    at Socket.<anonymous> (/home/hritikbhadauria/scaffSnapp_microservices/services/superAdminServices/node_modules/mysql2/lib/base/connection.js:100:25)
    at Socket.emit (node:events:524:28)
    at Socket.emit (node:domain:489:12)
    at addChunk (node:internal/streams/readable:561:12)
    at readableAddChunkPushByteMode (node:internal/streams/readable:512:3)
